
> satsunicgo@0.1.0 build
> tsc --noEmit && vite build && node scripts/public-assets.mjs

vite v8.3.2 building client environment for production...
transforming...
✓ 245 modules transformed.
rendering chunks...
computing gzip size...
dist/index.html                               0.82 kB │ gzip:   0.45 kB
dist/.vite/manifest.json                     10.80 kB │ gzip:   1.35 kB
dist/assets/OrderConversation-BZ5x3swq.css    1.53 kB │ gzip:   0.63 kB
dist/assets/index-Cg2TZ26L.css               85.69 kB │ gzip:  18.20 kB
dist/assets/editor-state-BW4wVEa8.js          0.44 kB │ gzip:   0.30 kB
dist/assets/rolldown-runtime-hePW80VL.js      0.71 kB │ gzip:   0.42 kB
dist/assets/CustomerShipments-BvoOFdCE.js     1.60 kB │ gzip:   0.87 kB
dist/assets/TransferNotice-C2awR9nR.js        1.77 kB │ gzip:   0.96 kB
dist/assets/StaffAccess-B1Fho_nL.js           2.79 kB │ gzip:   1.40 kB
dist/assets/Dashboard-DzHPBraf.js             2.95 kB │ gzip:   1.47 kB
dist/assets/Settings-DrKplrIo.js              3.15 kB │ gzip:   1.48 kB
dist/assets/Thread-B0Z-lWZp.js                3.27 kB │ gzip:   1.52 kB
dist/assets/Security-DVCZUf4f.js              3.28 kB │ gzip:   1.57 kB
dist/assets/Profile-B597huox.js               3.75 kB │ gzip:   1.57 kB
dist/assets/Notifications-DJknfBD7.js         4.10 kB │ gzip:   1.90 kB
dist/assets/Customers-CkskcN7e.js             4.41 kB │ gzip:   1.76 kB
dist/assets/Support-LMtylZjU.js               4.52 kB │ gzip:   1.96 kB
dist/assets/Returns-B8CAlihk.js               4.55 kB │ gzip:   1.88 kB
dist/assets/Campaigns-zqEJ6iFy.js             4.67 kB │ gzip:   1.94 kB
dist/assets/Activity-MbMWMLCH.js              4.79 kB │ gzip:   2.08 kB
dist/assets/Refunds-CzH4IM7s.js               5.10 kB │ gzip:   1.98 kB
dist/assets/Customer-BnMbKL0K.js              7.03 kB │ gzip:   2.81 kB
dist/assets/Membership-gkxeIxCb.js            7.09 kB │ gzip:   2.68 kB
dist/assets/Changes-pHxX-9LR.js               7.20 kB │ gzip:   2.67 kB
dist/assets/PlanEditor-8XtkJgWR.js            7.61 kB │ gzip:   2.77 kB
dist/assets/OrderTools-xAxuhF2m.js            7.83 kB │ gzip:   3.42 kB
dist/assets/OrderConversation-DpF1Z1Mm.js     8.32 kB │ gzip:   3.01 kB
dist/assets/Finance-BRH3JKFZ.js               9.01 kB │ gzip:   3.02 kB
dist/assets/Shipping-Cuayqu8C.js              9.95 kB │ gzip:   3.12 kB
dist/assets/ContentEditor-BDKY9Woq.js        10.87 kB │ gzip:   3.86 kB
dist/assets/Workbench-DmBpaSfb.js            14.33 kB │ gzip:   4.69 kB
dist/assets/RequestForm-ziOc6z64.js          15.08 kB │ gzip:   5.78 kB
dist/assets/vendor-tC-8nePI.js               86.23 kB │ gzip:  24.50 kB
dist/assets/index-CajIkfqR.js               117.19 kB │ gzip:  35.98 kB
dist/assets/react-tuUoifJV.js               259.27 kB │ gzip:  82.23 kB
dist/assets/firebase-UDrpIo8F.js            558.27 kB │ gzip: 165.08 kB

[plugin builtin:vite-reporter] 
(!) Some chunks are larger than 500 kB after minification. Consider:
- Using dynamic import() to code-split the application
- Use build.rolldownOptions.output.codeSplitting to improve chunking: https://rolldown.rs/reference/OutputOptions.codeSplitting
- Adjust chunk size limit for this warning via build.chunkSizeWarningLimit.
[33m[INEFFECTIVE_DYNAMIC_IMPORT] [0msrc/shared/firebase.ts is dynamically imported by src/features/ask/transport.ts but also statically imported by src/app/App.tsx, src/app/SiteChrome.tsx, src/features/ask/CatalogPurchase.tsx, src/features/ask/Commerce.tsx, src/features/ask/ImageIntake.tsx, ..., dynamic import will not move module into another chunk.

✓ built in 3.83s
