
> satsunicgo@0.1.0 build
> tsc --noEmit && vite build && node scripts/public-assets.mjs

vite v8.3.2 building client environment for production...
transforming...
✓ 245 modules transformed.
rendering chunks...
computing gzip size...
dist/index.html                               0.82 kB │ gzip:   0.45 kB
dist/.vite/manifest.json                     10.80 kB │ gzip:   1.35 kB
dist/assets/OrderConversation-BZ5x3swq.css    1.53 kB │ gzip:   0.63 kB
dist/assets/index-BxEvrzdk.css               85.74 kB │ gzip:  18.21 kB
dist/assets/editor-state-BW4wVEa8.js          0.44 kB │ gzip:   0.30 kB
dist/assets/rolldown-runtime-hePW80VL.js      0.71 kB │ gzip:   0.42 kB
dist/assets/CustomerShipments-CJ7GLI8g.js     1.60 kB │ gzip:   0.87 kB
dist/assets/TransferNotice-CVpPz9-i.js        1.77 kB │ gzip:   0.96 kB
dist/assets/StaffAccess-CZg2mMYk.js           2.79 kB │ gzip:   1.40 kB
dist/assets/Dashboard-C3OGtZwJ.js             2.95 kB │ gzip:   1.47 kB
dist/assets/Settings-DOUiRudC.js              3.15 kB │ gzip:   1.48 kB
dist/assets/Thread-xwYNcsd5.js                3.27 kB │ gzip:   1.52 kB
dist/assets/Security-CHjD3x5y.js              3.28 kB │ gzip:   1.57 kB
dist/assets/Profile-BmcY_pyN.js               3.75 kB │ gzip:   1.57 kB
dist/assets/Notifications-BOmRq5ka.js         4.10 kB │ gzip:   1.90 kB
dist/assets/Customers-DEXnFrGz.js             4.41 kB │ gzip:   1.76 kB
dist/assets/Support-5_gnv6H0.js               4.52 kB │ gzip:   1.96 kB
dist/assets/Returns-B3VjcMBr.js               4.55 kB │ gzip:   1.88 kB
dist/assets/Campaigns-CTD8eQ04.js             4.67 kB │ gzip:   1.94 kB
dist/assets/Activity-BVOpAuw4.js              4.79 kB │ gzip:   2.08 kB
dist/assets/Refunds-Cwvjsvpf.js               5.10 kB │ gzip:   1.98 kB
dist/assets/Customer-EAVc_UkW.js              7.03 kB │ gzip:   2.81 kB
dist/assets/Membership-CmBwvVz8.js            7.09 kB │ gzip:   2.68 kB
dist/assets/Changes-BRu4KOpt.js               7.20 kB │ gzip:   2.67 kB
dist/assets/PlanEditor-ZN7A6-yB.js            7.61 kB │ gzip:   2.78 kB
dist/assets/OrderTools-EoFDXi3a.js            7.83 kB │ gzip:   3.42 kB
dist/assets/OrderConversation-D3ECd_nX.js     8.32 kB │ gzip:   3.01 kB
dist/assets/Finance-B1_H-GdB.js               9.01 kB │ gzip:   3.02 kB
dist/assets/Shipping-5Zp3mZEa.js              9.95 kB │ gzip:   3.13 kB
dist/assets/ContentEditor-DT9Solnv.js        10.87 kB │ gzip:   3.86 kB
dist/assets/Workbench-DZW7D-qn.js            14.33 kB │ gzip:   4.69 kB
dist/assets/RequestForm-0iAa3aId.js          15.08 kB │ gzip:   5.78 kB
dist/assets/vendor-tC-8nePI.js               86.23 kB │ gzip:  24.50 kB
dist/assets/index-DBQDSHWI.js               117.19 kB │ gzip:  35.99 kB
dist/assets/react-tuUoifJV.js               259.27 kB │ gzip:  82.23 kB
dist/assets/firebase-UDrpIo8F.js            558.27 kB │ gzip: 165.08 kB

[plugin builtin:vite-reporter] 
(!) Some chunks are larger than 500 kB after minification. Consider:
- Using dynamic import() to code-split the application
- Use build.rolldownOptions.output.codeSplitting to improve chunking: https://rolldown.rs/reference/OutputOptions.codeSplitting
- Adjust chunk size limit for this warning via build.chunkSizeWarningLimit.
[33m[INEFFECTIVE_DYNAMIC_IMPORT] [0msrc/shared/firebase.ts is dynamically imported by src/features/ask/transport.ts but also statically imported by src/app/App.tsx, src/app/SiteChrome.tsx, src/features/ask/CatalogPurchase.tsx, src/features/ask/Commerce.tsx, src/features/ask/ImageIntake.tsx, ..., dynamic import will not move module into another chunk.

✓ built in 819ms
