vite v8.3.2 building client environment for production...
transforming...
✓ 2505 modules transformed.

(!) outDir /tmp/shipping030-final-build is not inside project root and will not be emptied.
Use --emptyOutDir to override.

rendering chunks...
computing gzip size...
../../../../../../tmp/shipping030-final-build/index.html                                           0.92 kB │ gzip:   0.52 kB
../../../../../../tmp/shipping030-final-build/.vite/manifest.json                                 63.87 kB │ gzip:   6.22 kB
../../../../../../tmp/shipping030-final-build/assets/Documents-JPpp9Gim.css                        1.21 kB │ gzip:   0.54 kB
../../../../../../tmp/shipping030-final-build/assets/OrderConversation-BZ5x3swq.css                1.53 kB │ gzip:   0.63 kB
../../../../../../tmp/shipping030-final-build/assets/Notifications-CiOL6CTE.css                    2.74 kB │ gzip:   0.95 kB
../../../../../../tmp/shipping030-final-build/assets/Profile-DLS91PvH.css                          3.67 kB │ gzip:   1.12 kB
../../../../../../tmp/shipping030-final-build/assets/Content-B6D3_UVF.css                          6.62 kB │ gzip:   1.79 kB
../../../../../../tmp/shipping030-final-build/assets/BlogComments-CJ2HPyd8.css                     6.93 kB │ gzip:   1.96 kB
../../../../../../tmp/shipping030-final-build/assets/ShippingRates-C7A5vtSh.css                    7.72 kB │ gzip:   2.15 kB
../../../../../../tmp/shipping030-final-build/assets/Workspace-cy6aBF9a.css                       20.21 kB │ gzip:   3.93 kB
../../../../../../tmp/shipping030-final-build/assets/Studio-CN4XU0c6.css                          91.21 kB │ gzip:  16.94 kB
../../../../../../tmp/shipping030-final-build/assets/index-CQEAkr2O.css                           96.75 kB │ gzip:  20.13 kB
../../../../../../tmp/shipping030-final-build/assets/array-BifhSqXX.js                             0.10 kB │ gzip:   0.11 kB
../../../../../../tmp/shipping030-final-build/assets/channel-kqaxY67D.js                           0.11 kB │ gzip:   0.12 kB
../../../../../../tmp/shipping030-final-build/assets/pie-XZMESJXO-CA9_7B-i.js                      0.12 kB │ gzip:   0.12 kB
../../../../../../tmp/shipping030-final-build/assets/info-OHQRW6UA-Dc7Qu8qr.js                     0.12 kB │ gzip:   0.13 kB
../../../../../../tmp/shipping030-final-build/assets/radar-ABXABTNO-B_fq55lI.js                    0.12 kB │ gzip:   0.13 kB
../../../../../../tmp/shipping030-final-build/assets/packet-JDAUHWVQ-plZN5VQw.js                   0.12 kB │ gzip:   0.13 kB
../../../../../../tmp/shipping030-final-build/assets/cynefin-EF2NZ3EQ-CvvMdGW8.js                  0.12 kB │ gzip:   0.13 kB
../../../../../../tmp/shipping030-final-build/assets/treemap-SAJKECNS-C7xQcfkw.js                  0.12 kB │ gzip:   0.13 kB
../../../../../../tmp/shipping030-final-build/assets/wardley-7MLQ67FV-DlhIX5bm.js                  0.12 kB │ gzip:   0.13 kB
../../../../../../tmp/shipping030-final-build/assets/gitGraph-VSP46ZUC-BfItdq58.js                 0.12 kB │ gzip:   0.13 kB
../../../../../../tmp/shipping030-final-build/assets/railroad-I3PHUGI6-Dox5eeip.js                 0.12 kB │ gzip:   0.13 kB
../../../../../../tmp/shipping030-final-build/assets/treeView-D4JQ5SDB-BMZCa2rx.js                 0.12 kB │ gzip:   0.13 kB
../../../../../../tmp/shipping030-final-build/assets/railroad-peg-JR7BVNR7-BGc2-svR.js             0.13 kB │ gzip:   0.13 kB
../../../../../../tmp/shipping030-final-build/assets/architecture-WOLXFQ4H-Xjj6DKyE.js             0.13 kB │ gzip:   0.13 kB
../../../../../../tmp/shipping030-final-build/assets/railroad-abnf-LNEFI6M7-DdwSdvUT.js            0.13 kB │ gzip:   0.13 kB
../../../../../../tmp/shipping030-final-build/assets/railroad-ebnf-DWYD2UWJ-W_cZjaMU.js            0.13 kB │ gzip:   0.13 kB
../../../../../../tmp/shipping030-final-build/assets/eventmodeling-K75KTNOO-DY969IYH.js            0.13 kB │ gzip:   0.13 kB
../../../../../../tmp/shipping030-final-build/assets/init-C-OQMol4.js                              0.14 kB │ gzip:   0.12 kB
../../../../../../tmp/shipping030-final-build/assets/chunk-Y2CYZVJY-DsF7k-Jl.js                    0.15 kB │ gzip:   0.14 kB
../../../../../../tmp/shipping030-final-build/assets/chunk-2Q5K7J3B-C1jixKkw.js                    0.19 kB │ gzip:   0.16 kB
../../../../../../tmp/shipping030-final-build/assets/chunk-JWPE2WC7-DVXcaiue.js                    0.22 kB │ gzip:   0.17 kB
../../../../../../tmp/shipping030-final-build/assets/chunk-XXDRQBXY-BvKO0v-W.js                    0.26 kB │ gzip:   0.22 kB
../../../../../../tmp/shipping030-final-build/assets/chunk-5VM5RSS4-ZNzvKenW.js                    0.36 kB │ gzip:   0.27 kB
../../../../../../tmp/shipping030-final-build/assets/media-Cdn2wuAa.js                             0.53 kB │ gzip:   0.38 kB
../../../../../../tmp/shipping030-final-build/assets/chunk-WEXAMYUT-uvMHNFeP.js                    0.57 kB │ gzip:   0.40 kB
../../../../../../tmp/shipping030-final-build/assets/flowDiagram-KWPJA3E3-CLvYnLC6.js              0.57 kB │ gzip:   0.31 kB
../../../../../../tmp/shipping030-final-build/assets/chunk-J5ZVWO5B-oDCd-gWO.js                    0.63 kB │ gzip:   0.43 kB
../../../../../../tmp/shipping030-final-build/assets/infoDiagram-VRGFBTTK-BUugNOgy.js              0.65 kB │ gzip:   0.41 kB
../../../../../../tmp/shipping030-final-build/assets/swimlanesDiagram-TC7HE7FX-BuRu0oo3.js         0.83 kB │ gzip:   0.48 kB
../../../../../../tmp/shipping030-final-build/assets/sizeCapture-INFHLROL-3uHXrFqA.js              0.87 kB │ gzip:   0.51 kB
../../../../../../tmp/shipping030-final-build/assets/chunk-DUW6YSOI-Dgx8z5s3.js                    0.89 kB │ gzip:   0.46 kB
../../../../../../tmp/shipping030-final-build/assets/line-a3FqWNvJ.js                              0.94 kB │ gzip:   0.47 kB
../../../../../../tmp/shipping030-final-build/assets/rolldown-runtime-Dd_uD5pT.js                  1.10 kB │ gzip:   0.62 kB
../../../../../../tmp/shipping030-final-build/assets/ordinal-BDEzSJ7C.js                           1.17 kB │ gzip:   0.56 kB
../../../../../../tmp/shipping030-final-build/assets/chunk-5DYCD2WN-DKxEjnv-.js                    1.41 kB │ gzip:   0.79 kB
../../../../../../tmp/shipping030-final-build/assets/railroadDiagram-XR7U4H2S-DdkeAaAN.js          1.65 kB │ gzip:   0.77 kB
../../../../../../tmp/shipping030-final-build/assets/CustomerShipments-nlC3wiMF.js                 1.71 kB │ gzip:   0.93 kB
../../../../../../tmp/shipping030-final-build/assets/TransferNotice-Ie5yi9Um.js                    1.77 kB │ gzip:   0.96 kB
../../../../../../tmp/shipping030-final-build/assets/abnfDiagram-O67JEVCF-Dfy81cnW.js              1.84 kB │ gzip:   0.89 kB
../../../../../../tmp/shipping030-final-build/assets/chunk-7PRAP22T-BJA8t59H.js                    1.95 kB │ gzip:   0.95 kB
../../../../../../tmp/shipping030-final-build/assets/chunk-GWA4HPMP-BydCz1z0.js                    1.97 kB │ gzip:   0.88 kB
../../../../../../tmp/shipping030-final-build/assets/pegDiagram-GJSIUBJH-CZu4gNl6.js               2.01 kB │ gzip:   0.94 kB
../../../../../../tmp/shipping030-final-build/assets/ebnfDiagram-ZINNZB2B-DuZTo1ek.js              2.05 kB │ gzip:   0.89 kB
../../../../../../tmp/shipping030-final-build/assets/dist-B_J_HbC0.js                              2.17 kB │ gzip:   0.97 kB
../../../../../../tmp/shipping030-final-build/assets/path-fybaL0A-.js                              2.27 kB │ gzip:   0.98 kB
../../../../../../tmp/shipping030-final-build/assets/AccountTracking-CBHr2Z-t.js                   2.34 kB │ gzip:   1.20 kB
../../../../../../tmp/shipping030-final-build/assets/RichPreview-CdNdpwpZ.js                       3.20 kB │ gzip:   1.25 kB
../../../../../../tmp/shipping030-final-build/assets/Dashboard-DQ6n4Rr6.js                         3.37 kB │ gzip:   1.64 kB
../../../../../../tmp/shipping030-final-build/assets/arc-DgcGdgmL.js                               3.47 kB │ gzip:   1.46 kB
../../../../../../tmp/shipping030-final-build/assets/MermaidDiagram-C3yfPCsk.js                    3.51 kB │ gzip:   1.95 kB
../../../../../../tmp/shipping030-final-build/assets/blog-studio-ZPhv0wby.js                       3.91 kB │ gzip:   1.68 kB
../../../../../../tmp/shipping030-final-build/assets/diagram-MLGK6HIB-DANxXd_G.js                  4.28 kB │ gzip:   1.84 kB
../../../../../../tmp/shipping030-final-build/assets/Support-BUwHh8OA.js                           4.57 kB │ gzip:   2.00 kB
../../../../../../tmp/shipping030-final-build/assets/defaultLocale-BFoDCU3G.js                     4.63 kB │ gzip:   2.12 kB
../../../../../../tmp/shipping030-final-build/assets/StaffAccess-BYOvvHll.js                       4.82 kB │ gzip:   2.16 kB
../../../../../../tmp/shipping030-final-build/assets/Checkout-cMrE06ku.js                          4.84 kB │ gzip:   2.23 kB
../../../../../../tmp/shipping030-final-build/assets/Settings-CBhKNP8N.js                          4.94 kB │ gzip:   2.11 kB
../../../../../../tmp/shipping030-final-build/assets/chunk-NETBCI7D-BkjNVIQy.js                    5.43 kB │ gzip:   2.50 kB
../../../../../../tmp/shipping030-final-build/assets/linear-BUnzfXgk.js                            5.51 kB │ gzip:   2.25 kB
../../../../../../tmp/shipping030-final-build/assets/Customers-DQqlBlzy.js                         5.53 kB │ gzip:   2.15 kB
../../../../../../tmp/shipping030-final-build/assets/chunk-742MDFTN-BDms_tDt.js                    5.83 kB │ gzip:   2.68 kB
../../../../../../tmp/shipping030-final-build/assets/graphlib-C9Tl7QrK.js                          5.85 kB │ gzip:   1.82 kB
../../../../../../tmp/shipping030-final-build/assets/Notifications-DTQ7_rZ0.js                     5.86 kB │ gzip:   2.38 kB
../../../../../../tmp/shipping030-final-build/assets/diagram-MPIPVDR6-BCzsrL_l.js                  6.06 kB │ gzip:   2.56 kB
../../../../../../tmp/shipping030-final-build/assets/pieDiagram-5QR66LMP-D9usgk-d.js               6.22 kB │ gzip:   2.59 kB
../../../../../../tmp/shipping030-final-build/assets/Thread-fj0RtMl6.js                            6.46 kB │ gzip:   2.60 kB
../../../../../../tmp/shipping030-final-build/assets/Membership-CxQOZrZv.js                        7.09 kB │ gzip:   2.68 kB
../../../../../../tmp/shipping030-final-build/assets/Campaigns-DP2hgBAq.js                         7.27 kB │ gzip:   2.83 kB
../../../../../../tmp/shipping030-final-build/assets/_basePickBy-QJXUw_pr.js                       7.58 kB │ gzip:   3.15 kB
../../../../../../tmp/shipping030-final-build/assets/Activity-Bc6929Uu.js                          7.63 kB │ gzip:   2.96 kB
../../../../../../tmp/shipping030-final-build/assets/Refunds-2EMTBEWP.js                           8.04 kB │ gzip:   2.85 kB
../../../../../../tmp/shipping030-final-build/assets/Returns-DQlZEzT_.js                           8.17 kB │ gzip:   2.96 kB
../../../../../../tmp/shipping030-final-build/assets/diagram-CDSNMT55-CrOYRQB5.js                  8.19 kB │ gzip:   3.65 kB
../../../../../../tmp/shipping030-final-build/assets/OrderTools-BdVUik9N.js                        8.23 kB │ gzip:   3.51 kB
../../../../../../tmp/shipping030-final-build/assets/OrderConversation-HOX8ueFr.js                 8.32 kB │ gzip:   3.02 kB
../../../../../../tmp/shipping030-final-build/assets/Profile-CCOPuZfb.js                           9.07 kB │ gzip:   2.92 kB
../../../../../../tmp/shipping030-final-build/assets/cynefinDiagram-VND7K2PF-s0R7ytkg.js           9.93 kB │ gzip:   3.51 kB
../../../../../../tmp/shipping030-final-build/assets/ui-DPDPbNGu.js                               10.00 kB │ gzip:   4.45 kB
../../../../../../tmp/shipping030-final-build/assets/Customer-JkF_4mgZ.js                         10.33 kB │ gzip:   3.75 kB
../../../../../../tmp/shipping030-final-build/assets/diagram-ATOU4E4O-BXRNZ64n.js                 10.65 kB │ gzip:   4.12 kB
../../../../../../tmp/shipping030-final-build/assets/chunk-3FUC2YCW-BTr6LcqY.js                   10.72 kB │ gzip:   4.31 kB
../../../../../../tmp/shipping030-final-build/assets/Workspace-Dgn7G__-.js                        11.49 kB │ gzip:   3.61 kB
../../../../../../tmp/shipping030-final-build/assets/ContentEditor-CKW8zM9C.js                    12.33 kB │ gzip:   4.21 kB
../../../../../../tmp/shipping030-final-build/assets/PlanEditor-BbeofF9l.js                       12.67 kB │ gzip:   4.33 kB
../../../../../../tmp/shipping030-final-build/assets/Documents-CUYjH-E1.js                        13.01 kB │ gzip:   4.47 kB
../../../../../../tmp/shipping030-final-build/assets/BlogComments-8eA99u4e.js                     13.44 kB │ gzip:   4.61 kB
../../../../../../tmp/shipping030-final-build/assets/chunk-UA2S7LBM-CpbmLgmu.js                   14.83 kB │ gzip:   4.19 kB
../../../../../../tmp/shipping030-final-build/assets/RequestForm-DaGvhuz_.js                      15.49 kB │ gzip:   5.91 kB
../../../../../../tmp/shipping030-final-build/assets/chunk-GTNCS2PH-BjUPoHLR.js                   15.64 kB │ gzip:   4.35 kB
../../../../../../tmp/shipping030-final-build/assets/diagram-3UASUU5V-AMYy62I7.js                 15.75 kB │ gzip:   5.52 kB
../../../../../../tmp/shipping030-final-build/assets/mermaid-parser.core-Dy1J4mnL.js              16.45 kB │ gzip:   3.92 kB
../../../../../../tmp/shipping030-final-build/assets/ishikawaDiagram-OU5B5YK6-DsjQVBCD.js         17.31 kB │ gzip:   6.53 kB
../../../../../../tmp/shipping030-final-build/assets/_baseUniq-DR4vVjyC.js                        18.23 kB │ gzip:   6.72 kB
../../../../../../tmp/shipping030-final-build/assets/Workbench-Cx_q3KZq.js                        18.26 kB │ gzip:   5.82 kB
../../../../../../tmp/shipping030-final-build/assets/Finance-U0mH629B.js                          18.87 kB │ gzip:   5.27 kB
../../../../../../tmp/shipping030-final-build/assets/kanban-definition-PNTS6WVX-a7VSbf1v.js       20.26 kB │ gzip:   7.14 kB
../../../../../../tmp/shipping030-final-build/assets/Content-B_SOjy80.js                          22.30 kB │ gzip:   6.92 kB
../../../../../../tmp/shipping030-final-build/assets/sankeyDiagram-IPEJSGJF-Bu5b4Acf.js           22.78 kB │ gzip:   8.25 kB
../../../../../../tmp/shipping030-final-build/assets/ShippingRates-VNQcmeW1.js                    23.07 kB │ gzip:   6.43 kB
../../../../../../tmp/shipping030-final-build/assets/journeyDiagram-ZHPQQLJL-WhjgTfvh.js          23.16 kB │ gzip:   8.16 kB
../../../../../../tmp/shipping030-final-build/assets/mindmap-definition-NLK3R4M7-CzsK4y_i.js      23.68 kB │ gzip:   8.08 kB
../../../../../../tmp/shipping030-final-build/assets/wardleyDiagram-VNRHLVJA-l-7tTQFV.js          25.20 kB │ gzip:   6.54 kB
../../../../../../tmp/shipping030-final-build/assets/rough.esm-Dy-Kn_BL.js                        27.10 kB │ gzip:   8.85 kB
../../../../../../tmp/shipping030-final-build/assets/gitGraphDiagram-X574FWY7-B1QWKk9W.js         29.00 kB │ gzip:   8.55 kB
../../../../../../tmp/shipping030-final-build/assets/timeline-definition-EJHVYXUP-DTSKfFcu.js     30.45 kB │ gzip:  10.03 kB
../../../../../../tmp/shipping030-final-build/assets/erDiagram-OPXOYQCR-D7xUdI-L.js               30.64 kB │ gzip:  10.56 kB
../../../../../../tmp/shipping030-final-build/assets/chunk-ZIGJFQKS-DJp5b3wN.js                   30.74 kB │ gzip:   8.51 kB
../../../../../../tmp/shipping030-final-build/assets/requirementDiagram-PLB6GJNP-CyuOWGHr.js      31.06 kB │ gzip:   9.82 kB
../../../../../../tmp/shipping030-final-build/assets/Security-D6wVQpn8.js                         31.26 kB │ gzip:  11.57 kB
../../../../../../tmp/shipping030-final-build/assets/quadrantDiagram-O4NWA36T-B6bE23Ab.js         33.52 kB │ gzip:   9.74 kB
../../../../../../tmp/shipping030-final-build/assets/Shipping-XrI_XZON.js                         34.27 kB │ gzip:   8.67 kB
../../../../../../tmp/shipping030-final-build/assets/chunk-Z7XXMR3K-CIegb4XY.js                   37.41 kB │ gzip:   8.06 kB
../../../../../../tmp/shipping030-final-build/assets/dagre-6A5THRUB-Dov1hG1t.js                   40.76 kB │ gzip:  14.56 kB
../../../../../../tmp/shipping030-final-build/assets/vennDiagram-UO4OBE2U-m5j_MEj3.js             41.18 kB │ gzip:  15.12 kB
../../../../../../tmp/shipping030-final-build/assets/stateDiagram-v2-GCMORJYK-DL4BHD_H.js         41.54 kB │ gzip:  13.89 kB
../../../../../../tmp/shipping030-final-build/assets/blockDiagram-BEXU5L5S-D_NzTVWx.js            42.46 kB │ gzip:  13.88 kB
../../../../../../tmp/shipping030-final-build/assets/xychartDiagram-PMCCYNJV-B2I3DyFG.js          44.14 kB │ gzip:  12.21 kB
../../../../../../tmp/shipping030-final-build/assets/src-oBChb5qS.js                              45.68 kB │ gzip:  16.00 kB
../../../../../../tmp/shipping030-final-build/assets/classDiagram-v2-NBCMYWYE-jYzkS0fS.js         49.70 kB │ gzip:  16.14 kB
../../../../../../tmp/shipping030-final-build/assets/chunk-MBY4JIJT-BNNkhjdN.js                   51.87 kB │ gzip:  16.63 kB
../../../../../../tmp/shipping030-final-build/assets/chunk-7M6MHVWA-BK5JutZj.js                   62.72 kB │ gzip:  20.33 kB
../../../../../../tmp/shipping030-final-build/assets/c4Diagram-YGBWAQC7-B2FWkPoH.js               65.08 kB │ gzip:  18.60 kB
../../../../../../tmp/shipping030-final-build/assets/ganttDiagram-FUAMR5RP-B5z0hW_E.js            69.35 kB │ gzip:  22.74 kB
../../../../../../tmp/shipping030-final-build/assets/diagram-22UHCM2B-BA8LotuI.js                 80.49 kB │ gzip:  25.15 kB
../../../../../../tmp/shipping030-final-build/assets/cose-bilkent-JH36ORCC-COXSdE6a.js            81.25 kB │ gzip:  21.54 kB
../../../../../../tmp/shipping030-final-build/assets/mermaid.core-Ble2zuQW.js                     84.04 kB │ gzip:  29.08 kB
../../../../../../tmp/shipping030-final-build/assets/schemas-OGczLxvf.js                          86.78 kB │ gzip:  24.65 kB
../../../../../../tmp/shipping030-final-build/assets/swimlanes-2SLR337P-C2Vi_pnM.js              106.24 kB │ gzip:  36.12 kB
../../../../../../tmp/shipping030-final-build/assets/chunk-7INBJB4K-DoAwqFCi.js                  115.49 kB │ gzip:  29.18 kB
../../../../../../tmp/shipping030-final-build/assets/sequenceDiagram-PO4LG4MO-el0-icgR.js        117.31 kB │ gzip:  31.31 kB
../../../../../../tmp/shipping030-final-build/assets/architectureDiagram-NJMV4G6O-DQS518Bw.js    148.90 kB │ gzip:  41.13 kB
../../../../../../tmp/shipping030-final-build/assets/index-BHmOAo-V.js                           163.01 kB │ gzip:  53.56 kB
../../../../../../tmp/shipping030-final-build/assets/usecaseDiagram-POWQR4AR-JOZHUvH0.js         186.67 kB │ gzip:  50.09 kB
../../../../../../tmp/shipping030-final-build/assets/chunk-O7XYJQB3-C10CmJ6D.js                  239.46 kB │ gzip:  39.57 kB
../../../../../../tmp/shipping030-final-build/assets/katex-ZlcWpGUi.js                           258.68 kB │ gzip:  77.43 kB
../../../../../../tmp/shipping030-final-build/assets/react-7nU7QOUy.js                           259.27 kB │ gzip:  82.23 kB
../../../../../../tmp/shipping030-final-build/assets/cytoscape.esm-Yq6u8L66.js                   434.85 kB │ gzip: 137.78 kB
../../../../../../tmp/shipping030-final-build/assets/firebase-u8DDmQcB.js                        558.39 kB │ gzip: 165.11 kB
../../../../../../tmp/shipping030-final-build/assets/Studio-dUy8kpHt.js                          619.97 kB │ gzip: 192.96 kB
../../../../../../tmp/shipping030-final-build/assets/chunk-NGNAAXSQ-DqoPQk1a.js                  629.05 kB │ gzip: 127.32 kB
../../../../../../tmp/shipping030-final-build/assets/elk-276RUBZZ-_bvNelCm.js                  1,456.41 kB │ gzip: 453.22 kB

[plugin builtin:vite-reporter] 
(!) Some chunks are larger than 500 kB after minification. Consider:
- Using dynamic import() to code-split the application
- Use build.rolldownOptions.output.codeSplitting to improve chunking: https://rolldown.rs/reference/OutputOptions.codeSplitting
- Adjust chunk size limit for this warning via build.chunkSizeWarningLimit.
[33m[INEFFECTIVE_DYNAMIC_IMPORT] [0msrc/shared/firebase.ts is dynamically imported by src/features/ask/transport.ts but also statically imported by src/app/App.tsx, src/app/SiteChrome.tsx, src/features/ask/Ask.tsx, src/features/ask/CatalogPurchase.tsx, src/features/ask/Commerce.tsx, ..., dynamic import will not move module into another chunk.

[33m[INEFFECTIVE_DYNAMIC_IMPORT] [0msrc/features/orders/Changes.tsx is dynamically imported by src/app/App.tsx, src/features/crm/Workspace.tsx but also statically imported by src/features/ask/Commerce.tsx, src/features/operations/Workbench.tsx, dynamic import will not move module into another chunk.

✓ built in 2.50s
