
> satsunicgo@0.1.0 build
> tsc --noEmit && vite build && node scripts/public-assets.mjs

vite v8.3.2 building client environment for production...
transforming...
✓ 2496 modules transformed.
rendering chunks...
computing gzip size...
dist/index.html                                           0.92 kB │ gzip:   0.52 kB
dist/.vite/manifest.json                                 75.39 kB │ gzip:   6.29 kB
dist/assets/Documents-JPpp9Gim.css                        1.21 kB │ gzip:   0.54 kB
dist/assets/OrderConversation-BZ5x3swq.css                1.53 kB │ gzip:   0.63 kB
dist/assets/BlogComments-CJ2HPyd8.css                     6.93 kB │ gzip:   1.96 kB
dist/assets/ShippingRates-C7A5vtSh.css                    7.72 kB │ gzip:   2.15 kB
dist/assets/Workspace-cy6aBF9a.css                       20.21 kB │ gzip:   3.93 kB
dist/assets/index-EAIEG_7f.css                           88.80 kB │ gzip:  18.75 kB
dist/assets/Studio-CN4XU0c6.css                          91.21 kB │ gzip:  16.94 kB
dist/assets/array-BifhSqXX.js                             0.10 kB │ gzip:   0.11 kB
dist/assets/channel-kqaxY67D.js                           0.11 kB │ gzip:   0.12 kB
dist/assets/pie-XZMESJXO-CA9_7B-i.js                      0.12 kB │ gzip:   0.12 kB
dist/assets/info-OHQRW6UA-Dc7Qu8qr.js                     0.12 kB │ gzip:   0.13 kB
dist/assets/radar-ABXABTNO-B_fq55lI.js                    0.12 kB │ gzip:   0.13 kB
dist/assets/packet-JDAUHWVQ-plZN5VQw.js                   0.12 kB │ gzip:   0.13 kB
dist/assets/cynefin-EF2NZ3EQ-CvvMdGW8.js                  0.12 kB │ gzip:   0.13 kB
dist/assets/treemap-SAJKECNS-C7xQcfkw.js                  0.12 kB │ gzip:   0.13 kB
dist/assets/wardley-7MLQ67FV-DlhIX5bm.js                  0.12 kB │ gzip:   0.13 kB
dist/assets/gitGraph-VSP46ZUC-BfItdq58.js                 0.12 kB │ gzip:   0.13 kB
dist/assets/railroad-I3PHUGI6-Dox5eeip.js                 0.12 kB │ gzip:   0.13 kB
dist/assets/treeView-D4JQ5SDB-BMZCa2rx.js                 0.12 kB │ gzip:   0.13 kB
dist/assets/railroad-peg-JR7BVNR7-BGc2-svR.js             0.13 kB │ gzip:   0.13 kB
dist/assets/architecture-WOLXFQ4H-Xjj6DKyE.js             0.13 kB │ gzip:   0.13 kB
dist/assets/railroad-abnf-LNEFI6M7-DdwSdvUT.js            0.13 kB │ gzip:   0.13 kB
dist/assets/railroad-ebnf-DWYD2UWJ-W_cZjaMU.js            0.13 kB │ gzip:   0.13 kB
dist/assets/eventmodeling-K75KTNOO-DY969IYH.js            0.13 kB │ gzip:   0.13 kB
dist/assets/init-C-OQMol4.js                              0.14 kB │ gzip:   0.12 kB
dist/assets/chunk-Y2CYZVJY-DsF7k-Jl.js                    0.15 kB │ gzip:   0.14 kB
dist/assets/chunk-2Q5K7J3B-C1jixKkw.js                    0.19 kB │ gzip:   0.16 kB
dist/assets/chunk-JWPE2WC7-DVXcaiue.js                    0.22 kB │ gzip:   0.17 kB
dist/assets/chunk-XXDRQBXY-BvKO0v-W.js                    0.26 kB │ gzip:   0.22 kB
dist/assets/chunk-5VM5RSS4-ZNzvKenW.js                    0.36 kB │ gzip:   0.27 kB
dist/assets/media-XY5vCQ2a.js                             0.53 kB │ gzip:   0.38 kB
dist/assets/chunk-WEXAMYUT-uvMHNFeP.js                    0.57 kB │ gzip:   0.40 kB
dist/assets/flowDiagram-KWPJA3E3-CLvYnLC6.js              0.57 kB │ gzip:   0.31 kB
dist/assets/chunk-J5ZVWO5B-oDCd-gWO.js                    0.63 kB │ gzip:   0.43 kB
dist/assets/infoDiagram-VRGFBTTK-BUugNOgy.js              0.65 kB │ gzip:   0.41 kB
dist/assets/swimlanesDiagram-TC7HE7FX-BuRu0oo3.js         0.83 kB │ gzip:   0.48 kB
dist/assets/sizeCapture-INFHLROL-3uHXrFqA.js              0.87 kB │ gzip:   0.51 kB
dist/assets/chunk-DUW6YSOI-Dgx8z5s3.js                    0.89 kB │ gzip:   0.46 kB
dist/assets/line-a3FqWNvJ.js                              0.94 kB │ gzip:   0.47 kB
dist/assets/rolldown-runtime-Dd_uD5pT.js                  1.10 kB │ gzip:   0.62 kB
dist/assets/ordinal-BDEzSJ7C.js                           1.17 kB │ gzip:   0.56 kB
dist/assets/chunk-5DYCD2WN-DKxEjnv-.js                    1.41 kB │ gzip:   0.79 kB
dist/assets/railroadDiagram-XR7U4H2S-DdkeAaAN.js          1.65 kB │ gzip:   0.77 kB
dist/assets/CustomerShipments-BegV1Qj-.js                 1.71 kB │ gzip:   0.93 kB
dist/assets/TransferNotice-B_1G0TzA.js                    1.77 kB │ gzip:   0.96 kB
dist/assets/abnfDiagram-O67JEVCF-Dfy81cnW.js              1.84 kB │ gzip:   0.89 kB
dist/assets/chunk-7PRAP22T-BJA8t59H.js                    1.95 kB │ gzip:   0.95 kB
dist/assets/chunk-GWA4HPMP-BydCz1z0.js                    1.97 kB │ gzip:   0.88 kB
dist/assets/pegDiagram-GJSIUBJH-CZu4gNl6.js               2.01 kB │ gzip:   0.94 kB
dist/assets/ebnfDiagram-ZINNZB2B-DuZTo1ek.js              2.05 kB │ gzip:   0.89 kB
dist/assets/dist-B_J_HbC0.js                              2.17 kB │ gzip:   0.97 kB
dist/assets/path-fybaL0A-.js                              2.27 kB │ gzip:   0.98 kB
dist/assets/RichPreview-HEUy9Ay0.js                       3.20 kB │ gzip:   1.25 kB
dist/assets/Security-B8ycnAJC.js                          3.29 kB │ gzip:   1.58 kB
dist/assets/Dashboard-DYuvpoLa.js                         3.37 kB │ gzip:   1.64 kB
dist/assets/arc-DgcGdgmL.js                               3.47 kB │ gzip:   1.46 kB
dist/assets/MermaidDiagram-C3yfPCsk.js                    3.51 kB │ gzip:   1.95 kB
dist/assets/blog-studio-ZPhv0wby.js                       3.91 kB │ gzip:   1.68 kB
dist/assets/Notifications-FLCgIBop.js                     4.06 kB │ gzip:   1.88 kB
dist/assets/diagram-MLGK6HIB-DANxXd_G.js                  4.28 kB │ gzip:   1.84 kB
dist/assets/Support-D8HrDQjr.js                           4.57 kB │ gzip:   2.00 kB
dist/assets/defaultLocale-BFoDCU3G.js                     4.63 kB │ gzip:   2.12 kB
dist/assets/StaffAccess-D--ChIWQ.js                       4.82 kB │ gzip:   2.16 kB
dist/assets/Checkout-CmTopnHK.js                          4.84 kB │ gzip:   2.23 kB
dist/assets/Settings-C3tsMKu-.js                          4.94 kB │ gzip:   2.11 kB
dist/assets/chunk-NETBCI7D-BkjNVIQy.js                    5.43 kB │ gzip:   2.50 kB
dist/assets/linear-BUnzfXgk.js                            5.51 kB │ gzip:   2.25 kB
dist/assets/Customers-D_LnSyD3.js                         5.53 kB │ gzip:   2.15 kB
dist/assets/chunk-742MDFTN-BDms_tDt.js                    5.83 kB │ gzip:   2.68 kB
dist/assets/graphlib-C9Tl7QrK.js                          5.85 kB │ gzip:   1.82 kB
dist/assets/Profile-BZ-LEbgf.js                           5.95 kB │ gzip:   2.25 kB
dist/assets/diagram-MPIPVDR6-BCzsrL_l.js                  6.06 kB │ gzip:   2.56 kB
dist/assets/pieDiagram-5QR66LMP-D9usgk-d.js               6.22 kB │ gzip:   2.59 kB
dist/assets/Thread-BryfxS3V.js                            6.47 kB │ gzip:   2.60 kB
dist/assets/Membership-CXGuLOLr.js                        7.09 kB │ gzip:   2.68 kB
dist/assets/Campaigns-D-3ZcWr3.js                         7.27 kB │ gzip:   2.83 kB
dist/assets/_basePickBy-QJXUw_pr.js                       7.58 kB │ gzip:   3.15 kB
dist/assets/Activity-C7ctn48G.js                          7.63 kB │ gzip:   2.96 kB
dist/assets/Refunds-5L8xU9qh.js                           8.04 kB │ gzip:   2.85 kB
dist/assets/Returns-D7xK36An.js                           8.17 kB │ gzip:   2.96 kB
dist/assets/diagram-CDSNMT55-CrOYRQB5.js                  8.19 kB │ gzip:   3.65 kB
dist/assets/OrderTools-DR9eFJS6.js                        8.23 kB │ gzip:   3.51 kB
dist/assets/OrderConversation-B9C0nHTh.js                 8.32 kB │ gzip:   3.02 kB
dist/assets/cynefinDiagram-VND7K2PF-s0R7ytkg.js           9.93 kB │ gzip:   3.51 kB
dist/assets/ui-CHxjnuqh.js                               10.00 kB │ gzip:   4.45 kB
dist/assets/Customer-B3c1pnPs.js                         10.33 kB │ gzip:   3.75 kB
dist/assets/diagram-ATOU4E4O-BXRNZ64n.js                 10.65 kB │ gzip:   4.12 kB
dist/assets/chunk-3FUC2YCW-BTr6LcqY.js                   10.72 kB │ gzip:   4.31 kB
dist/assets/Workspace-D8L540Pt.js                        11.49 kB │ gzip:   3.60 kB
dist/assets/ContentEditor-BqY6RyML.js                    12.33 kB │ gzip:   4.21 kB
dist/assets/PlanEditor-etckRfIs.js                       12.67 kB │ gzip:   4.33 kB
dist/assets/Documents-D3tmTSef.js                        13.01 kB │ gzip:   4.47 kB
dist/assets/BlogComments-B3sOhor_.js                     13.44 kB │ gzip:   4.60 kB
dist/assets/chunk-UA2S7LBM-CpbmLgmu.js                   14.83 kB │ gzip:   4.19 kB
dist/assets/RequestForm-CGXbib9r.js                      15.49 kB │ gzip:   5.92 kB
dist/assets/chunk-GTNCS2PH-BjUPoHLR.js                   15.64 kB │ gzip:   4.35 kB
dist/assets/diagram-3UASUU5V-AMYy62I7.js                 15.75 kB │ gzip:   5.52 kB
dist/assets/mermaid-parser.core-Dy1J4mnL.js              16.45 kB │ gzip:   3.92 kB
dist/assets/ishikawaDiagram-OU5B5YK6-DsjQVBCD.js         17.31 kB │ gzip:   6.53 kB
dist/assets/_baseUniq-DR4vVjyC.js                        18.23 kB │ gzip:   6.72 kB
dist/assets/Workbench-DBKrrj9y.js                        18.25 kB │ gzip:   5.82 kB
dist/assets/Finance-Cpzlcje8.js                          18.87 kB │ gzip:   5.26 kB
dist/assets/Content-DPmgVZIi.js                          19.42 kB │ gzip:   6.30 kB
dist/assets/kanban-definition-PNTS6WVX-a7VSbf1v.js       20.26 kB │ gzip:   7.14 kB
dist/assets/sankeyDiagram-IPEJSGJF-Bu5b4Acf.js           22.78 kB │ gzip:   8.25 kB
dist/assets/ShippingRates-BlZLw4P_.js                    23.07 kB │ gzip:   6.43 kB
dist/assets/journeyDiagram-ZHPQQLJL-WhjgTfvh.js          23.16 kB │ gzip:   8.16 kB
dist/assets/mindmap-definition-NLK3R4M7-CzsK4y_i.js      23.68 kB │ gzip:   8.08 kB
dist/assets/wardleyDiagram-VNRHLVJA-l-7tTQFV.js          25.20 kB │ gzip:   6.54 kB
dist/assets/rough.esm-Dy-Kn_BL.js                        27.10 kB │ gzip:   8.85 kB
dist/assets/gitGraphDiagram-X574FWY7-B1QWKk9W.js         29.00 kB │ gzip:   8.55 kB
dist/assets/timeline-definition-EJHVYXUP-DTSKfFcu.js     30.45 kB │ gzip:  10.03 kB
dist/assets/erDiagram-OPXOYQCR-D7xUdI-L.js               30.64 kB │ gzip:  10.56 kB
dist/assets/chunk-ZIGJFQKS-DJp5b3wN.js                   30.74 kB │ gzip:   8.51 kB
dist/assets/requirementDiagram-PLB6GJNP-CyuOWGHr.js      31.06 kB │ gzip:   9.82 kB
dist/assets/quadrantDiagram-O4NWA36T-B6bE23Ab.js         33.52 kB │ gzip:   9.74 kB
dist/assets/Shipping-CktORveh.js                         34.27 kB │ gzip:   8.66 kB
dist/assets/chunk-Z7XXMR3K-CIegb4XY.js                   37.41 kB │ gzip:   8.06 kB
dist/assets/dagre-6A5THRUB-Dov1hG1t.js                   40.76 kB │ gzip:  14.56 kB
dist/assets/vennDiagram-UO4OBE2U-m5j_MEj3.js             41.18 kB │ gzip:  15.12 kB
dist/assets/stateDiagram-v2-GCMORJYK-DL4BHD_H.js         41.54 kB │ gzip:  13.89 kB
dist/assets/blockDiagram-BEXU5L5S-D_NzTVWx.js            42.46 kB │ gzip:  13.88 kB
dist/assets/xychartDiagram-PMCCYNJV-B2I3DyFG.js          44.14 kB │ gzip:  12.21 kB
dist/assets/src-oBChb5qS.js                              45.68 kB │ gzip:  16.00 kB
dist/assets/classDiagram-v2-NBCMYWYE-jYzkS0fS.js         49.70 kB │ gzip:  16.14 kB
dist/assets/chunk-MBY4JIJT-BNNkhjdN.js                   51.87 kB │ gzip:  16.63 kB
dist/assets/chunk-7M6MHVWA-BK5JutZj.js                   62.72 kB │ gzip:  20.33 kB
dist/assets/c4Diagram-YGBWAQC7-B2FWkPoH.js               65.08 kB │ gzip:  18.60 kB
dist/assets/ganttDiagram-FUAMR5RP-B5z0hW_E.js            69.35 kB │ gzip:  22.74 kB
dist/assets/diagram-22UHCM2B-BA8LotuI.js                 80.49 kB │ gzip:  25.15 kB
dist/assets/cose-bilkent-JH36ORCC-COXSdE6a.js            81.25 kB │ gzip:  21.54 kB
dist/assets/mermaid.core-Ble2zuQW.js                     84.04 kB │ gzip:  29.08 kB
dist/assets/schemas-OGczLxvf.js                          86.78 kB │ gzip:  24.65 kB
dist/assets/swimlanes-2SLR337P-C2Vi_pnM.js              106.24 kB │ gzip:  36.12 kB
dist/assets/chunk-7INBJB4K-DoAwqFCi.js                  115.49 kB │ gzip:  29.18 kB
dist/assets/sequenceDiagram-PO4LG4MO-el0-icgR.js        117.31 kB │ gzip:  31.31 kB
dist/assets/architectureDiagram-NJMV4G6O-DQS518Bw.js    148.90 kB │ gzip:  41.13 kB
dist/assets/index-COTyUoD9.js                           160.73 kB │ gzip:  52.85 kB
dist/assets/usecaseDiagram-POWQR4AR-JOZHUvH0.js         186.67 kB │ gzip:  50.09 kB
dist/assets/chunk-O7XYJQB3-C10CmJ6D.js                  239.46 kB │ gzip:  39.57 kB
dist/assets/katex-ZlcWpGUi.js                           258.68 kB │ gzip:  77.43 kB
dist/assets/react-7nU7QOUy.js                           259.27 kB │ gzip:  82.23 kB
dist/assets/cytoscape.esm-Yq6u8L66.js                   434.85 kB │ gzip: 137.78 kB
dist/assets/firebase-u8DDmQcB.js                        558.39 kB │ gzip: 165.11 kB
dist/assets/Studio-CZNXpucH.js                          619.97 kB │ gzip: 192.96 kB
dist/assets/chunk-NGNAAXSQ-DqoPQk1a.js                  629.05 kB │ gzip: 127.32 kB
dist/assets/elk-276RUBZZ-_bvNelCm.js                  1,456.41 kB │ gzip: 453.22 kB

[plugin builtin:vite-reporter] 
(!) Some chunks are larger than 500 kB after minification. Consider:
- Using dynamic import() to code-split the application
- Use build.rolldownOptions.output.codeSplitting to improve chunking: https://rolldown.rs/reference/OutputOptions.codeSplitting
- Adjust chunk size limit for this warning via build.chunkSizeWarningLimit.
[33m[INEFFECTIVE_DYNAMIC_IMPORT] [0msrc/shared/firebase.ts is dynamically imported by src/features/ask/transport.ts but also statically imported by src/app/App.tsx, src/app/SiteChrome.tsx, src/features/ask/Ask.tsx, src/features/ask/CatalogPurchase.tsx, src/features/ask/Commerce.tsx, ..., dynamic import will not move module into another chunk.

[33m[INEFFECTIVE_DYNAMIC_IMPORT] [0msrc/features/orders/Changes.tsx is dynamically imported by src/app/App.tsx, src/features/crm/Workspace.tsx but also statically imported by src/features/ask/Commerce.tsx, src/features/operations/Workbench.tsx, dynamic import will not move module into another chunk.

✓ built in 1.25s

> satsunicgo-functions@0.1.0 build
> tsc -p tsconfig.json

