{
  "schema_version": 1,
  "task_id": "SATSUNICGO-HARDENING-023-DATABASE",
  "status": "BLOCKED",
  "reviewed_commit": "3bd0d093255963a2cbf66ddd80d27456da7076e0",
  "dimensions": {
    "requirement_match": {
      "status": "PASSED",
      "summary": "Role union corrects two reproducible code-path inconsistencies within approved local ownership. No new commercial rule.",
      "evidence_refs": [
        "IMPACT.md",
        "AUDIT.md",
        "SOURCE_MANIFEST.json"
      ]
    },
    "security": {
      "status": "PASSED",
      "summary": "Verified Google, active current role, UID ownership, assignment, receipt restriction and account/staff lock checks preserved. No token/secret/public Storage grant.",
      "evidence_refs": [
        "IMPACT.md",
        "AUDIT.md",
        "SOURCE_MANIFEST.json"
      ]
    },
    "code_quality": {
      "status": "NOT_RUN",
      "summary": "Scoped ESLint and Prettier pass. Root compile and executable integration pending.",
      "evidence_refs": [
        "IMPACT.md",
        "AUDIT.md",
        "SOURCE_MANIFEST.json"
      ]
    },
    "failure_paths": {
      "status": "NOT_RUN",
      "summary": "Source reviewed denial, concurrent reservation, replay, upload retry and second auth check. Executable regressions await serial root window.",
      "evidence_refs": [
        "IMPACT.md",
        "AUDIT.md",
        "SOURCE_MANIFEST.json"
      ]
    },
    "error_handling": {
      "status": "PASSED",
      "summary": "Existing safe HttpsError responses and retries preserved; no new message or external I/O inside Firestore transaction.",
      "evidence_refs": [
        "IMPACT.md",
        "AUDIT.md",
        "SOURCE_MANIFEST.json"
      ]
    },
    "production_readiness": {
      "status": "PASSED",
      "summary": "NOT_READY; no deploy/index/datafix. Real auth/provider/retention/query execution plans not verified.",
      "evidence_refs": [
        "IMPACT.md",
        "AUDIT.md",
        "SOURCE_MANIFEST.json"
      ]
    },
    "trade_offs": {
      "status": "PASSED",
      "summary": "Share role-kind union between list/read; keep writing grant checks and bounded indexed query. Existing pending reservations kept for operator review.",
      "evidence_refs": [
        "IMPACT.md",
        "AUDIT.md",
        "SOURCE_MANIFEST.json"
      ]
    }
  },
  "findings": [
    {
      "id": "DB023-1",
      "severity": "MEDIUM",
      "status": "OPEN",
      "category": "correctness",
      "location": "functions/src/order-media.ts authorized/listOrderImages",
      "summary": "Overlapping role checks incorrectly subtract existing grants; fixed union awaits actual integration.",
      "resolution": null,
      "evidence_refs": [
        "docs/reviews/release023/database/IMPACT.md"
      ]
    }
  ],
  "residual_risks": [
    "Pending upload failures retain quota until retry/operator review.",
    "During-I/O revocation and concurrent identical upload regression gap reported to root; no source mutation during freeze."
  ],
  "limitations": [
    "Repository intelligence DEGRADED.",
    "Root full candidate compile/tests in progress.",
    "Governed CLI absent PATH initially; later located existing cached1.4.1 CLI. Cycle1 was initially blocked pending root evidence."
  ],
  "recorded_at": "2026-10-05T15:47:35.910Z",
  "reviewed_worktree_signature": "532c296f656815dc46e5e472f135b6d61cb330be3e1a49c8e55c7c6224903aa2",
  "previous_review_hash": null,
  "review_hash": "d25fe4ffefa3f7cac835aa045de1c36903dfa0cc78af2cd480a31e44a4eb975f"
}
