vite v8.3.2 building client environment for production...
transforming...
✓ 241 modules transformed.

(!) outDir /tmp/ask010-build is not inside project root and will not be emptied.
Use --emptyOutDir to override.

rendering chunks...
computing gzip size...
../../../../../../tmp/ask010-build/index.html                               0.82 kB │ gzip:   0.45 kB
../../../../../../tmp/ask010-build/.vite/manifest.json                     10.80 kB │ gzip:   1.34 kB
../../../../../../tmp/ask010-build/assets/OrderConversation-BZ5x3swq.css    1.53 kB │ gzip:   0.63 kB
../../../../../../tmp/ask010-build/assets/index-C8plSZvJ.css               84.53 kB │ gzip:  17.94 kB
../../../../../../tmp/ask010-build/assets/editor-state-BW4wVEa8.js          0.44 kB │ gzip:   0.30 kB
../../../../../../tmp/ask010-build/assets/rolldown-runtime-hePW80VL.js      0.71 kB │ gzip:   0.42 kB
../../../../../../tmp/ask010-build/assets/CustomerShipments-CTveUbce.js     1.60 kB │ gzip:   0.87 kB
../../../../../../tmp/ask010-build/assets/TransferNotice-BxdOHUXg.js        1.77 kB │ gzip:   0.96 kB
../../../../../../tmp/ask010-build/assets/StaffAccess-BZ-ud6jt.js           2.79 kB │ gzip:   1.40 kB
../../../../../../tmp/ask010-build/assets/Dashboard-C93HVoaX.js             2.97 kB │ gzip:   1.48 kB
../../../../../../tmp/ask010-build/assets/Settings-CjoGxOf9.js              3.15 kB │ gzip:   1.48 kB
../../../../../../tmp/ask010-build/assets/Thread-CsxIn8g7.js                3.27 kB │ gzip:   1.52 kB
../../../../../../tmp/ask010-build/assets/Security-CzUsVycN.js              3.29 kB │ gzip:   1.57 kB
../../../../../../tmp/ask010-build/assets/Activity-maHVqx7H.js              3.32 kB │ gzip:   1.57 kB
../../../../../../tmp/ask010-build/assets/Profile-C94D6frE.js               3.75 kB │ gzip:   1.57 kB
../../../../../../tmp/ask010-build/assets/Notifications-CEBXL5Fc.js         4.10 kB │ gzip:   1.90 kB
../../../../../../tmp/ask010-build/assets/Customers-DIIwcUVv.js             4.41 kB │ gzip:   1.76 kB
../../../../../../tmp/ask010-build/assets/Support-fFYRmSFw.js               4.52 kB │ gzip:   1.97 kB
../../../../../../tmp/ask010-build/assets/Returns-C02fDGh7.js               4.55 kB │ gzip:   1.88 kB
../../../../../../tmp/ask010-build/assets/Campaigns-CONsd8uA.js             4.67 kB │ gzip:   1.94 kB
../../../../../../tmp/ask010-build/assets/Refunds-atfRjEQ7.js               5.10 kB │ gzip:   1.98 kB
../../../../../../tmp/ask010-build/assets/Customer-Dc3D1-GS.js              7.04 kB │ gzip:   2.80 kB
../../../../../../tmp/ask010-build/assets/Membership-BZH_vr_y.js            7.09 kB │ gzip:   2.68 kB
../../../../../../tmp/ask010-build/assets/Changes-CpibPFPe.js               7.20 kB │ gzip:   2.67 kB
../../../../../../tmp/ask010-build/assets/PlanEditor-CglPny5h.js            7.61 kB │ gzip:   2.77 kB
../../../../../../tmp/ask010-build/assets/OrderTools-Cv0LIyKh.js            7.72 kB │ gzip:   3.39 kB
../../../../../../tmp/ask010-build/assets/OrderConversation-BdMn2sYT.js     8.32 kB │ gzip:   3.01 kB
../../../../../../tmp/ask010-build/assets/Finance-CIONOa6I.js               9.01 kB │ gzip:   3.02 kB
../../../../../../tmp/ask010-build/assets/Shipping-DqYA1rnC.js              9.95 kB │ gzip:   3.13 kB
../../../../../../tmp/ask010-build/assets/ContentEditor-CH173rFN.js        10.87 kB │ gzip:   3.86 kB
../../../../../../tmp/ask010-build/assets/Workbench-CepzhnTu.js            14.19 kB │ gzip:   4.64 kB
../../../../../../tmp/ask010-build/assets/RequestForm-D-RlBcqT.js          15.08 kB │ gzip:   5.79 kB
../../../../../../tmp/ask010-build/assets/vendor-tC-8nePI.js               86.23 kB │ gzip:  24.50 kB
../../../../../../tmp/ask010-build/assets/index-Df_ntmry.js               105.03 kB │ gzip:  32.68 kB
../../../../../../tmp/ask010-build/assets/react-tuUoifJV.js               259.27 kB │ gzip:  82.23 kB
../../../../../../tmp/ask010-build/assets/firebase-C0WRHRCO.js            558.23 kB │ gzip: 165.35 kB

[plugin builtin:vite-reporter] 
(!) Some chunks are larger than 500 kB after minification. Consider:
- Using dynamic import() to code-split the application
- Use build.rolldownOptions.output.codeSplitting to improve chunking: https://rolldown.rs/reference/OutputOptions.codeSplitting
- Adjust chunk size limit for this warning via build.chunkSizeWarningLimit.
[33m[INEFFECTIVE_DYNAMIC_IMPORT] [0msrc/shared/firebase.ts is dynamically imported by src/features/ask/transport.ts but also statically imported by src/app/App.tsx, src/app/SiteChrome.tsx, src/features/ask/Commerce.tsx, src/features/ask/ImageIntake.tsx, src/features/ask/InlineSupport.tsx, ..., dynamic import will not move module into another chunk.

✓ built in 545ms
